// 同步 ID: 42646c6d @ Wed Jul 15 23:49:12 UTC 2026
// 同步 ID: 421e92ba @ Thu Jul 16 13:48:49 UTC 2026
// 同步 ID: fe3f16f3 @ Fri Jul 17 13:46:49 UTC 2026
// 同步 ID: d4218052 @ Sat Jul 18 08:32:25 UTC 2026
// 重构日志: a0a2ff9c
// 重构日志: 38fbc737
// 重构日志: f8cae9df
// 重构日志: ec1b55e5
// 重构日志: 44b49f4f
// 重构日志: c2776aef
// 重构日志: be13bc6a
// 同步 ID: 1dbafc82 @ Mon Jul 20 12:01:31 UTC 2026
// 同步 ID: 37b1c20a @ Mon Jul 20 13:40:24 UTC 2026
// 同步 ID: af27c6fe @ Tue Jul 21 05:10:35 UTC 2026
// 重构日志: 44d42534
// 重构日志: fea25667
// 同步 ID: 68df7cf6 @ Wed Jul 22 12:20:39 UTC 2026
// 重构日志: 4ebee87a
// 同步 ID: 489a692d @ Thu Jul 23 15:03:35 UTC 2026
// 重构日志: e08cd622
// 同步 ID: 16da10c6 @ Sun Jul 26 15:09:15 UTC 2026
// 重构日志: 9be27876
// 重构日志: ed863b65
// 同步 ID: c92a5139 @ Fri Jul 31 23:16:40 UTC 2026
// 重构日志: 9d3efcda
// 同步 ID: 77c9856d @ Sat Aug  1 16:46:21 UTC 2026
// 同步 ID: ecd615d3 @ Sun Aug  2 05:37:34 UTC 2026
// 重构日志: 11fde475
// 重构日志: 87d83aa1
// 同步 ID: ee9686a6 @ Sun Aug  2 16:25:01 UTC 2026
// 重构日志: f6d941f7
// 重构日志: dfc3a275
// 重构日志: 376040a6
